// Jest Snapshot v1, https://goo.gl/fbAQLP

exports[`MobileNavbar renders correctly 1`] = `
<div
  className="kvPSzS"
>
  <button
    className="ldehJf"
  >
    <svg
      className="fVXPqs"
      height="15"
      width="15"
      xmlns="http://www.w3.org/2000/svg"
      xmlnsXlink="http://www.w3.org/1999/xlink"
    >
      <title>
        close
      </title>
      <use
        fill="#FFF"
        transform="translate(1 1)"
        xlinkHref="#close"
      />
      <defs>
        <path
          d="M-.7.7l13 13 1.4-1.4-13-13L-.7.7zm13-1.4l-13 13 1.4 1.4 13-13-1.4-1.4z"
          id="close"
        />
      </defs>
    </svg>
  </button>
  <a
    aria-label="styled components"
    className="ePZooh"
    href="/"
    onClick={[Function]}
  >
    <div
      className="sLZqa"
    />
  </a>
  <button
    className="ldehJf"
  >
    <div
      className="krbKjx"
    >
      <svg
        className="fVXPqs"
        height="8"
        width="12"
        xmlns="http://www.w3.org/2000/svg"
        xmlnsXlink="http://www.w3.org/1999/xlink"
      >
        <title>
          arrow down
        </title>
        <use
          fill="#FFF"
          transform="translate(1 1)"
          xlinkHref="#menuArrow"
        />
        <defs>
          <path
            d="M5 5l-.7.7.7.7.7-.7L5 5zM9.3-.7l-5 5 1.4 1.4 5-5L9.3-.7zm-3.6 5l-5-5L-.7.7l5 5 1.4-1.4z"
            id="menuArrow"
          />
        </defs>
      </svg>
    </div>
  </button>
  <div
    className="dyNnKV"
  >
    <nav
      className="JGuVx"
    >
      <a
        className="UIrgd"
        href="/docs"
        onClick={[Function]}
      >
        Documentation
      </a>
      <span
        className="kMiUMD"
      />
      <a
        className="UIrgd"
        href="/ecosystem"
        onClick={[Function]}
      >
        Ecosystem
      </a>
      <span
        className="kMiUMD"
      />
      <a
        className="UIrgd"
        href="/releases"
        onClick={[Function]}
      >
        Releases
      </a>
    </nav>
    <span
      className="kMiUMD"
    />
    <div
      className="jdhLjy"
    >
      <form
        className="cuiSQS"
      >
        <button
          className="kFISaI"
        >
          <svg
            height="16"
            width="15"
            xmlns="http://www.w3.org/2000/svg"
            xmlnsXlink="http://www.w3.org/1999/xlink"
          >
            <title>
              search
            </title>
            <use
              fill="#FFF"
              xlinkHref="#search-icon"
            />
            <defs>
              <path
                d="M14.772 14.573l-3.698-3.96c.95-1.164 1.472-2.628 1.472-4.153C12.546 2.898 9.732 0 6.273 0 2.813 0 0 2.898 0 6.46s2.814 6.46 6.273 6.46c1.298 0 2.536-.403 3.594-1.17l3.726 3.992c.155.166.365.258.59.258.212 0 .413-.083.566-.235.32-.322.33-.857.02-1.192zm-8.5-12.888c2.558 0 4.637 2.142 4.637 4.775 0 2.633-2.08 4.775-4.64 4.775-2.56 0-4.64-2.142-4.64-4.775 0-2.633 2.08-4.775 4.637-4.775z"
                id="search-icon"
              />
            </defs>
          </svg>
        </button>
        <input
          className="hTGoLT"
          id="docs-search-input"
          placeholder="Search docs ..."
        />
      </form>
      <nav
        className="ckFdvu"
      >
        <a
          className="evEeRO"
          href="https://spectrum.chat/styled-components/"
          onClick={[Function]}
        >
          <svg
            className="gxjdeE"
            height="14"
            viewBox="0 0 15 15"
            width="14"
          >
            <title>
              spectrum
            </title>
            <path
              d="M0 6.5V1c0-.6.4-1 1-1 9 .3 13.7 5 14 14 0 .6-.4 1-1 1H8.5c-.6 0-1-.4-1-1-.3-4.4-2-6.2-6.5-6.5-.6 0-1-.4-1-1z"
              fill="#FFF"
            />
          </svg>
        </a>
        <a
          className="evEeRO"
          href="https://github.com/styled-components"
          onClick={[Function]}
        >
          <svg
            className="JePPz"
            height="17"
            viewBox="0 0 17 17"
            width="17"
          >
            <title>
              github
            </title>
            <path
              d="M15.86 4.34c-.76-1.335-1.79-2.392-3.093-3.17C11.463.39 10.042 0 8.5 0 6.958 0 5.536.39 4.233 1.17 2.93 1.947 1.9 3.004 1.14 4.34.38 5.674 0 7.132 0 8.713c0 1.898.54 3.606 1.62 5.122 1.082 1.517 2.48 2.566 4.19 3.148.2.038.347.01.443-.08.096-.09.144-.203.144-.34l-.006-.612v-1l-.25.05c-.16.03-.36.05-.61.04-.24 0-.5-.03-.77-.08-.26-.05-.51-.16-.74-.34-.23-.18-.39-.41-.49-.7l-.11-.26c-.07-.17-.19-.36-.35-.58-.16-.21-.32-.35-.48-.43l-.08-.05c-.05-.04-.09-.08-.14-.132-.04-.053-.08-.106-.1-.16-.02-.053 0-.097.06-.13.06-.035.17-.052.32-.052l.22.036c.15.03.33.12.55.27.22.154.4.35.54.59.17.31.375.55.615.71.24.164.484.245.727.245s.456-.02.63-.056c.18-.037.346-.094.5-.17.067-.507.248-.896.54-1.17-.42-.043-.795-.112-1.13-.203-.34-.09-.685-.24-1.04-.44-.36-.2-.657-.455-.894-.76-.234-.3-.43-.7-.58-1.19-.15-.49-.225-1.06-.225-1.7 0-.917.29-1.695.875-2.34-.27-.69-.244-1.46.08-2.313.214-.07.53-.015.95.155.42.17.73.314.926.435.195.12.35.225.47.308.684-.2 1.394-.3 2.124-.3s1.44.1 2.124.297l.42-.27c.288-.184.628-.35 1.02-.5.39-.15.69-.195.895-.126.334.857.364 1.63.09 2.317.584.645.875 1.42.875 2.34 0 .64-.072 1.21-.223 1.707-.15.5-.343.897-.583 1.196-.24.298-.54.55-.896.754-.355.202-.702.35-1.04.44-.334.09-.712.16-1.132.205.38.34.57.875.57 1.61v2.39c0 .136.045.25.137.34.096.09.24.118.44.08 1.71-.582 3.11-1.632 4.19-3.15 1.06-1.525 1.6-3.235 1.6-5.13 0-1.58-.38-3.04-1.14-4.37z"
              fill="#FFF"
            />
          </svg>
        </a>
        <a
          className="evEeRO"
          href="https://medium.com/styled-components"
          onClick={[Function]}
        >
          <svg
            className="hfCcmC"
            height="14"
            viewBox="0 0 17 14"
            width="17"
          >
            <title>
              medium
            </title>
            <path
              d="M5.3 0H.5l1.8 2.4v9L0 13.7h5.3l-2-2.3V3.7L7.8 14 12 3.7v8.7l-1.3 1.3H17l-1.5-1.3v-11L17 0h-4.5L9 8.2 5.2 0z"
              fill="#fff"
            />
          </svg>
        </a>
      </nav>
    </div>
  </div>
</div>
`;
